{
  "version": "1.5.0",
  "plugins_used": [
    {
      "name": "ArtifactoryDetector"
    },
    {
      "name": "AWSKeyDetector"
    },
    {
      "name": "AzureStorageKeyDetector"
    },
    {
      "name": "Base64HighEntropyString",
      "limit": 4.5
    },
    {
      "name": "BasicAuthDetector"
    },
    {
      "name": "CloudantDetector"
    },
    {
      "name": "DiscordBotTokenDetector"
    },
    {
      "name": "GitHubTokenDetector"
    },
    {
      "name": "GitLabTokenDetector"
    },
    {
      "name": "HexHighEntropyString",
      "limit": 3.0
    },
    {
      "name": "IbmCloudIamDetector"
    },
    {
      "name": "IbmCosHmacDetector"
    },
    {
      "name": "IPPublicDetector"
    },
    {
      "name": "JwtTokenDetector"
    },
    {
      "name": "KeywordDetector",
      "keyword_exclude": ""
    },
    {
      "name": "MailchimpDetector"
    },
    {
      "name": "NpmDetector"
    },
    {
      "name": "OpenAIDetector"
    },
    {
      "name": "PrivateKeyDetector"
    },
    {
      "name": "PypiTokenDetector"
    },
    {
      "name": "SendGridDetector"
    },
    {
      "name": "SlackDetector"
    },
    {
      "name": "SoftlayerDetector"
    },
    {
      "name": "SquareOAuthDetector"
    },
    {
      "name": "StripeDetector"
    },
    {
      "name": "TelegramBotTokenDetector"
    },
    {
      "name": "TwilioKeyDetector"
    }
  ],
  "filters_used": [
    {
      "path": "detect_secrets.filters.allowlist.is_line_allowlisted"
    },
    {
      "path": "detect_secrets.filters.common.is_baseline_file",
      "filename": ".secrets.baseline"
    },
    {
      "path": "detect_secrets.filters.common.is_ignored_due_to_verification_policies",
      "min_level": 2
    },
    {
      "path": "detect_secrets.filters.heuristic.is_indirect_reference"
    },
    {
      "path": "detect_secrets.filters.heuristic.is_likely_id_string"
    },
    {
      "path": "detect_secrets.filters.heuristic.is_lock_file"
    },
    {
      "path": "detect_secrets.filters.heuristic.is_not_alphanumeric_string"
    },
    {
      "path": "detect_secrets.filters.heuristic.is_potential_uuid"
    },
    {
      "path": "detect_secrets.filters.heuristic.is_prefixed_with_dollar_sign"
    },
    {
      "path": "detect_secrets.filters.heuristic.is_sequential_string"
    },
    {
      "path": "detect_secrets.filters.heuristic.is_swagger_file"
    },
    {
      "path": "detect_secrets.filters.heuristic.is_templated_secret"
    },
    {
      "path": "detect_secrets.filters.regex.should_exclude_file",
      "pattern": [
        "^localisation/",
        "^resources/"
      ]
    }
  ],
  "results": {
    "interface/MD_eventpictures.gfx": [
      {
        "type": "Base64 High Entropy String",
        "filename": "interface/MD_eventpictures.gfx",
        "hashed_secret": "54b88f12186cb30db75f8a069bb66553b1dbb0b0",
        "is_verified": false,
        "line_number": 3083
      },
      {
        "type": "Base64 High Entropy String",
        "filename": "interface/MD_eventpictures.gfx",
        "hashed_secret": "bcfbb7e9da5fee7b58b868fdaad6303c6f064fdb",
        "is_verified": false,
        "line_number": 3143
      },
      {
        "type": "Base64 High Entropy String",
        "filename": "interface/MD_eventpictures.gfx",
        "hashed_secret": "da667cc9631ec540c9b68aba259c74c934bf3232",
        "is_verified": false,
        "line_number": 3147
      },
      {
        "type": "Base64 High Entropy String",
        "filename": "interface/MD_eventpictures.gfx",
        "hashed_secret": "d5d61a108d1560b6d6ecb1cb57cce425958e6916",
        "is_verified": false,
        "line_number": 3155
      },
      {
        "type": "Base64 High Entropy String",
        "filename": "interface/MD_eventpictures.gfx",
        "hashed_secret": "668985b5792dee862433e053ad5a457243213eeb",
        "is_verified": false,
        "line_number": 3179
      },
      {
        "type": "Base64 High Entropy String",
        "filename": "interface/MD_eventpictures.gfx",
        "hashed_secret": "fdf84efff4823bafffb2ab169812885621df87a5",
        "is_verified": false,
        "line_number": 3183
      }
    ],
    "interface/MD_parties_icons.gfx": [
      {
        "type": "Base64 High Entropy String",
        "filename": "interface/MD_parties_icons.gfx",
        "hashed_secret": "3b9c6062b13d800f925c36274570ca73db1ee42e",
        "is_verified": false,
        "line_number": 2473
      }
    ],
    "interface/conditional_peace_deals.gui": [
      {
        "type": "Base64 High Entropy String",
        "filename": "interface/conditional_peace_deals.gui",
        "hashed_secret": "d1b7a74f96abb95cb21c6f72ef1d0795ad790dbe",
        "is_verified": false,
        "line_number": 520
      }
    ]
  },
  "generated_at": "2026-09-09T17:36:30Z"
}
